// Jest Snapshot v1, https://goo.gl/fbAQLP

exports[`should match the snapshot Allroutes 1`] = `<div />`;
